<?xml version="1.0" encoding="utf-8"?><testsuites><testsuite name="pytest" errors="0" failures="0" skipped="0" tests="0" time="0.064" timestamp="2023-08-11T03:32:45.297516" hostname="macs-mbp-3" /></testsuites>